// Jest Snapshot v1, https://goo.gl/fbAQLP

exports[`Shot image, views and likes 1`] = `
ShallowWrapper {
  "length": 1,
  Symbol(enzyme.__root__): [Circular],
  Symbol(enzyme.__unrendered__): <Detail
    shot={
        Object {
            "description": "Shot Description #1",
            "id": 1,
            "images": Object {
              "hidpi": "https://dribbble/images/hidpi",
              "normal": "https://dribbble/images/normal",
            },
            "likes_count": 100,
            "title": "Shot #1",
            "user": Object {
              "avatar_url": "https://dribbble.com/user/avatar.png",
              "html_url": "https://dribbble.com/user/",
              "name": "User #1",
            },
            "views_count": 100,
          }
    }
/>,
  Symbol(enzyme.__renderer__): Object {
    "batchedUpdates": [Function],
    "getNode": [Function],
    "render": [Function],
    "simulateEvent": [Function],
    "unmount": [Function],
  },
  Symbol(enzyme.__node__): Object {
    "instance": null,
    "key": null,
    "nodeType": "host",
    "props": Object {
      "children": Array [
        <div
          className="image"
>
          <img
                    alt="Shot #1"
                    src="https://dribbble/images/hidpi"
          />
</div>,
        <div
          className="info"
>
          <div
                    className="views-count"
          >
                    <span>
                              100
                               views
                    </span>
          </div>
          <div
                    className="likes-count"
          >
                    <span>
                              100
                               likes
                    </span>
          </div>
</div>,
      ],
      "className": "shot-data",
    },
    "ref": null,
    "rendered": Array [
      Object {
        "instance": null,
        "key": null,
        "nodeType": "host",
        "props": Object {
          "children": <img
            alt="Shot #1"
            src="https://dribbble/images/hidpi"
/>,
          "className": "image",
        },
        "ref": null,
        "rendered": Object {
          "instance": null,
          "key": null,
          "nodeType": "host",
          "props": Object {
            "alt": "Shot #1",
            "src": "https://dribbble/images/hidpi",
          },
          "ref": null,
          "rendered": null,
          "type": "img",
        },
        "type": "div",
      },
      Object {
        "instance": null,
        "key": null,
        "nodeType": "host",
        "props": Object {
          "children": Array [
            <div
              className="views-count"
>
              <span>
                            100
                             views
              </span>
</div>,
            <div
              className="likes-count"
>
              <span>
                            100
                             likes
              </span>
</div>,
          ],
          "className": "info",
        },
        "ref": null,
        "rendered": Array [
          Object {
            "instance": null,
            "key": null,
            "nodeType": "host",
            "props": Object {
              "children": <span>
                100
                 views
</span>,
              "className": "views-count",
            },
            "ref": null,
            "rendered": Object {
              "instance": null,
              "key": null,
              "nodeType": "host",
              "props": Object {
                "children": Array [
                  100,
                  " views",
                ],
              },
              "ref": null,
              "rendered": Array [
                100,
                " views",
              ],
              "type": "span",
            },
            "type": "div",
          },
          Object {
            "instance": null,
            "key": null,
            "nodeType": "host",
            "props": Object {
              "children": <span>
                100
                 likes
</span>,
              "className": "likes-count",
            },
            "ref": null,
            "rendered": Object {
              "instance": null,
              "key": null,
              "nodeType": "host",
              "props": Object {
                "children": Array [
                  100,
                  " likes",
                ],
              },
              "ref": null,
              "rendered": Array [
                100,
                " likes",
              ],
              "type": "span",
            },
            "type": "div",
          },
        ],
        "type": "div",
      },
    ],
    "type": "div",
  },
  Symbol(enzyme.__nodes__): Array [
    Object {
      "instance": null,
      "key": null,
      "nodeType": "host",
      "props": Object {
        "children": Array [
          <div
            className="image"
>
            <img
                        alt="Shot #1"
                        src="https://dribbble/images/hidpi"
            />
</div>,
          <div
            className="info"
>
            <div
                        className="views-count"
            >
                        <span>
                                    100
                                     views
                        </span>
            </div>
            <div
                        className="likes-count"
            >
                        <span>
                                    100
                                     likes
                        </span>
            </div>
</div>,
        ],
        "className": "shot-data",
      },
      "ref": null,
      "rendered": Array [
        Object {
          "instance": null,
          "key": null,
          "nodeType": "host",
          "props": Object {
            "children": <img
              alt="Shot #1"
              src="https://dribbble/images/hidpi"
/>,
            "className": "image",
          },
          "ref": null,
          "rendered": Object {
            "instance": null,
            "key": null,
            "nodeType": "host",
            "props": Object {
              "alt": "Shot #1",
              "src": "https://dribbble/images/hidpi",
            },
            "ref": null,
            "rendered": null,
            "type": "img",
          },
          "type": "div",
        },
        Object {
          "instance": null,
          "key": null,
          "nodeType": "host",
          "props": Object {
            "children": Array [
              <div
                className="views-count"
>
                <span>
                                100
                                 views
                </span>
</div>,
              <div
                className="likes-count"
>
                <span>
                                100
                                 likes
                </span>
</div>,
            ],
            "className": "info",
          },
          "ref": null,
          "rendered": Array [
            Object {
              "instance": null,
              "key": null,
              "nodeType": "host",
              "props": Object {
                "children": <span>
                  100
                   views
</span>,
                "className": "views-count",
              },
              "ref": null,
              "rendered": Object {
                "instance": null,
                "key": null,
                "nodeType": "host",
                "props": Object {
                  "children": Array [
                    100,
                    " views",
                  ],
                },
                "ref": null,
                "rendered": Array [
                  100,
                  " views",
                ],
                "type": "span",
              },
              "type": "div",
            },
            Object {
              "instance": null,
              "key": null,
              "nodeType": "host",
              "props": Object {
                "children": <span>
                  100
                   likes
</span>,
                "className": "likes-count",
              },
              "ref": null,
              "rendered": Object {
                "instance": null,
                "key": null,
                "nodeType": "host",
                "props": Object {
                  "children": Array [
                    100,
                    " likes",
                  ],
                },
                "ref": null,
                "rendered": Array [
                  100,
                  " likes",
                ],
                "type": "span",
              },
              "type": "div",
            },
          ],
          "type": "div",
        },
      ],
      "type": "div",
    },
  ],
  Symbol(enzyme.__options__): Object {
    "adapter": ReactSixteenAdapter {
      "options": Object {
        "enableComponentDidUpdateOnSetState": true,
      },
    },
  },
}
`;
